/*C10*/SET SCHEMA PUBLIC
CREATE GLOBAL TEMPORARY TABLE "mendixsystem$temporary_ids" ( "id" BIGINT NOT NULL ) ON COMMIT DELETE ROWS
CREATE GLOBAL TEMPORARY TABLE "mendixsystem$tmp_associations" ( "parent" BIGINT NOT NULL, "child" BIGINT NOT NULL ) ON COMMIT DELETE ROWS
CREATE TABLE "mendixsystem$data_change_event" (\u000d\u000a\u0009"sequence" BIGINT GENERATED ALWAYS AS IDENTITY NOT NULL,\u000d\u000a\u0009"event_time" TIMESTAMP NULL,\u000d\u000a\u0009"change_type" SMALLINT NULL,\u000d\u000a\u0009"data" VARCHAR_IGNORECASE(2147483647) NULL,\u000d\u000a\u0009PRIMARY KEY("sequence"))
DELETE FROM "mendixsystem$version" WHERE "versionnumber"='4.2'
INSERT INTO "mendixsystem$version" VALUES('4.2','2026-08-04 08:20:47.508000','4.5.0','unversioned','Badge','10.24.0.73019')
COMMIT
ALTER TABLE "mendixsystem$data_change_event" ADD "transaction_id" VARCHAR_IGNORECASE(36) NULL
ALTER TABLE "mendixsystem$data_change_event" ADD "execution_id" VARCHAR_IGNORECASE(36) NULL
DELETE FROM "mendixsystem$version" WHERE "versionnumber"='4.2'
INSERT INTO "mendixsystem$version" VALUES('4.2','2026-08-04 08:20:47.508000','4.6.0','unversioned','Badge','10.24.0.73019')
COMMIT
CREATE TABLE "system$cdcsnapshotstore" (\u000d\u000a\u0009"id" BIGINT NOT NULL,\u000d\u000a\u0009"entity" VARCHAR_IGNORECASE(200) NULL,\u000d\u000a\u0009"topic" VARCHAR_IGNORECASE(200) NULL,\u000d\u000a\u0009PRIMARY KEY("id"))
CREATE INDEX "idx_system$cdcsnapshotstore_entity_asc" ON "system$cdcsnapshotstore" ("entity" ASC,"id" ASC)
INSERT INTO "mendixsystem$entity" VALUES('7b35b2d0-ef16-4283-b3f4-3045044c1b9e','System.CdcSnapshotStore','system$cdcsnapshotstore',NULL,FALSE,FALSE)
INSERT INTO "mendixsystem$attribute" VALUES('d36fa4d3-8bb0-419f-a0dd-c171d9a4363e','7b35b2d0-ef16-4283-b3f4-3045044c1b9e','entity','entity',30,200,'',FALSE)
INSERT INTO "mendixsystem$attribute" VALUES('07515807-1801-4d79-baee-77f587a065d3','7b35b2d0-ef16-4283-b3f4-3045044c1b9e','topic','topic',30,200,'',FALSE)
INSERT INTO "mendixsystem$index" VALUES('6247c59f-e0d1-44a0-8fc2-4442b4165314','7b35b2d0-ef16-4283-b3f4-3045044c1b9e','idx_system$cdcsnapshotstore_entity_asc')
INSERT INTO "mendixsystem$index_column" VALUES('6247c59f-e0d1-44a0-8fc2-4442b4165314','d36fa4d3-8bb0-419f-a0dd-c171d9a4363e',FALSE,0)
COMMIT
CREATE TABLE "system$workflowendedusertaskoutcome" (\u000d\u000a\u0009"id" BIGINT NOT NULL,\u000d\u000a\u0009"outcome" VARCHAR_IGNORECASE(200) NULL,\u000d\u000a\u0009"time" TIMESTAMP NULL,\u000d\u000a\u0009PRIMARY KEY("id"))
INSERT INTO "mendixsystem$entity" VALUES('03c36ed6-7828-420c-9a27-23839d06215d','System.WorkflowEndedUserTaskOutcome','system$workflowendedusertaskoutcome',NULL,FALSE,FALSE)
INSERT INTO "mendixsystem$attribute" VALUES('4423bf8d-4eab-44bd-ac71-cabf7350ac5b','03c36ed6-7828-420c-9a27-23839d06215d','Outcome','outcome',30,200,'',FALSE)
INSERT INTO "mendixsystem$attribute" VALUES('fe10bf82-e238-4b71-8b9f-27f96f04c8e6','03c36ed6-7828-420c-9a27-23839d06215d','Time','time',20,0,'',FALSE)
COMMIT
CREATE TABLE "system$workflowendedusertask" (\u000d\u000a\u0009"id" BIGINT NOT NULL,\u000d\u000a\u0009"name" VARCHAR_IGNORECASE(2147483647) NULL,\u000d\u000a\u0009"description" VARCHAR_IGNORECASE(2147483647) NULL,\u000d\u000a\u0009"starttime" TIMESTAMP NULL,\u000d\u000a\u0009"duedate" TIMESTAMP NULL,\u000d\u000a\u0009"endtime" TIMESTAMP NULL,\u000d\u000a\u0009"outcome" VARCHAR_IGNORECASE(200) NULL,\u000d\u000a\u0009"state" VARCHAR_IGNORECASE(10) NULL,\u000d\u000a\u0009"completiontype" VARCHAR_IGNORECASE(9) NULL,\u000d\u000a\u0009"usertaskkey" VARCHAR_IGNORECASE(200) NULL,\u000d\u000a\u0009"error" VARCHAR_IGNORECASE(2147483647) NULL,\u000d\u000a\u0009PRIMARY KEY("id"))
INSERT INTO "mendixsystem$entity" VALUES('2e12231f-c3b1-4b7c-bc42-d82c778a62a4','System.WorkflowEndedUserTask','system$workflowendedusertask',NULL,FALSE,FALSE)
INSERT INTO "mendixsystem$attribute" VALUES('328240c4-b920-4200-8e85-d6a420f1ceaa','2e12231f-c3b1-4b7c-bc42-d82c778a62a4','Name','name',30,0,'',FALSE)
INSERT INTO "mendixsystem$attribute" VALUES('285fe8e2-5369-4e24-8d40-c70785d55ef1','2e12231f-c3b1-4b7c-bc42-d82c778a62a4','Description','description',30,0,'',FALSE)
INSERT INTO "mendixsystem$attribute" VALUES('6710c9b3-0288-46dd-a624-cea974366ea2','2e12231f-c3b1-4b7c-bc42-d82c778a62a4','StartTime','starttime',20,0,'',FALSE)
INSERT INTO "mendixsystem$attribute" VALUES('088feb52-0ac7-4997-bf5b-7564aea4e44d','2e12231f-c3b1-4b7c-bc42-d82c778a62a4','DueDate','duedate',20,0,'',FALSE)
INSERT INTO "mendixsystem$attribute" VALUES('90e6130c-018f-4f21-b749-6b4c3f40e705','2e12231f-c3b1-4b7c-bc42-d82c778a62a4','EndTime','endtime',20,0,'',FALSE)
INSERT INTO "mendixsystem$attribute" VALUES('08faf160-3940-4ee3-b95c-92cea1f231af','2e12231f-c3b1-4b7c-bc42-d82c778a62a4','Outcome','outcome',30,200,'',FALSE)
INSERT INTO "mendixsystem$attribute" VALUES('480d214f-b588-4a45-99e6-7809c2da5762','2e12231f-c3b1-4b7c-bc42-d82c778a62a4','State','state',40,10,'Created',FALSE)
INSERT INTO "mendixsystem$attribute" VALUES('7a92c3a2-061c-4c59-baa3-0f5373880bb3','2e12231f-c3b1-4b7c-bc42-d82c778a62a4','CompletionType','completiontype',40,9,'Single',FALSE)
INSERT INTO "mendixsystem$attribute" VALUES('2cfe5222-30be-4047-ba8a-2fccc1ac495c','2e12231f-c3b1-4b7c-bc42-d82c778a62a4','UserTaskKey','usertaskkey',30,200,'',FALSE)
INSERT INTO "mendixsystem$attribute" VALUES('a0b2a84e-a652-419b-a75e-9e1f7f47bf0d','2e12231f-c3b1-4b7c-bc42-d82c778a62a4','Error','error',30,0,'',FALSE)
COMMIT
CREATE TABLE "system$workflowsubprocessdefinition" (\u000d\u000a\u0009"id" BIGINT NOT NULL,\u000d\u000a\u0009"caption" VARCHAR_IGNORECASE(200) NULL,\u000d\u000a\u0009"isobsolete" BOOLEAN NULL,\u000d\u000a\u0009"modelguid" VARCHAR_IGNORECASE(36) NULL,\u000d\u000a\u0009PRIMARY KEY("id"),\u000d\u000a\u0009CONSTRAINT "uniq_system$workflowsubprocessdefinition_modelguid" UNIQUE ("modelguid"))
INSERT INTO "mendixsystem$entity" VALUES('abd99484-42cd-4ef8-93b3-bd161dc41422','System.WorkflowSubProcessDefinition','system$workflowsubprocessdefinition',NULL,FALSE,FALSE)
INSERT INTO "mendixsystem$attribute" VALUES('e31fd3c5-c821-42e1-9828-046a876dba4d','abd99484-42cd-4ef8-93b3-bd161dc41422','Caption','caption',30,200,'',FALSE)
INSERT INTO "mendixsystem$attribute" VALUES('a25b29bb-f0cb-4992-861c-bea394f813c3','abd99484-42cd-4ef8-93b3-bd161dc41422','IsObsolete','isobsolete',10,0,'false',FALSE)
INSERT INTO "mendixsystem$attribute" VALUES('4f585ace-ab6d-47a2-8558-bac6a65a377c','abd99484-42cd-4ef8-93b3-bd161dc41422','ModelGUID','modelguid',30,36,'',FALSE)
INSERT INTO "mendixsystem$unique_constraint" VALUES('uniq_system$workflowsubprocessdefinition_modelguid','abd99484-42cd-4ef8-93b3-bd161dc41422','4f585ace-ab6d-47a2-8558-bac6a65a377c')
COMMIT
CREATE TABLE "system$workflowsubprocess" (\u000d\u000a\u0009"id" BIGINT NOT NULL,\u000d\u000a\u0009"caption" VARCHAR_IGNORECASE(200) NULL,\u000d\u000a\u0009"starttime" TIMESTAMP NULL,\u000d\u000a\u0009"endtime" TIMESTAMP NULL,\u000d\u000a\u0009"state" VARCHAR_IGNORECASE(10) NULL,\u000d\u000a\u0009"reason" VARCHAR_IGNORECASE(2147483647) NULL,\u000d\u000a\u0009PRIMARY KEY("id"))
INSERT INTO "mendixsystem$entity" VALUES('ed256e5b-42a9-406a-8d70-d4c24264de86','System.WorkflowSubProcess','system$workflowsubprocess',NULL,FALSE,FALSE)
INSERT INTO "mendixsystem$attribute" VALUES('04911245-247d-4b25-b444-b0edf2039aee','ed256e5b-42a9-406a-8d70-d4c24264de86','Caption','caption',30,200,'',FALSE)
INSERT INTO "mendixsystem$attribute" VALUES('34a98df8-eb71-4d53-bd35-e35dd8ee8dfb','ed256e5b-42a9-406a-8d70-d4c24264de86','StartTime','starttime',20,0,'',FALSE)
INSERT INTO "mendixsystem$attribute" VALUES('c2603799-0724-4718-af20-3ab1040d2cdf','ed256e5b-42a9-406a-8d70-d4c24264de86','EndTime','endtime',20,0,'',FALSE)
INSERT INTO "mendixsystem$attribute" VALUES('5a97cb89-0e7a-4e4e-809f-023cf8e7685e','ed256e5b-42a9-406a-8d70-d4c24264de86','State','state',40,10,'InProgress',FALSE)
INSERT INTO "mendixsystem$attribute" VALUES('cb58b3b5-9517-4cd4-8cc4-0f2f3ef7ae34','ed256e5b-42a9-406a-8d70-d4c24264de86','Reason','reason',30,0,'',FALSE)
COMMIT
CREATE TABLE "system$workflowgroup" (\u000d\u000a\u0009"id" BIGINT NOT NULL,\u000d\u000a\u0009"name" VARCHAR_IGNORECASE(200) NULL,\u000d\u000a\u0009"description" VARCHAR_IGNORECASE(2147483647) NULL,\u000d\u000a\u0009"modelguid" VARCHAR_IGNORECASE(36) NULL,\u000d\u000a\u0009PRIMARY KEY("id"),\u000d\u000a\u0009CONSTRAINT "uniq_system$workflowgroup_name" UNIQUE ("name"))
INSERT INTO "mendixsystem$entity" VALUES('7582d0f8-a963-4fde-8535-e1b257b388d6','System.WorkflowGroup','system$workflowgroup',NULL,FALSE,FALSE)
INSERT INTO "mendixsystem$attribute" VALUES('28d9ed06-e6fd-4cba-b6a9-4f9e47fece63','7582d0f8-a963-4fde-8535-e1b257b388d6','Name','name',30,200,'',FALSE)
INSERT INTO "mendixsystem$attribute" VALUES('41b5b84e-50fb-4851-a59a-272834dbf4c3','7582d0f8-a963-4fde-8535-e1b257b388d6','Description','description',30,0,'',FALSE)
INSERT INTO "mendixsystem$attribute" VALUES('898f9984-f489-4e01-9fbe-4df29cba7ce5','7582d0f8-a963-4fde-8535-e1b257b388d6','ModelGUID','modelguid',30,36,'',FALSE)
INSERT INTO "mendixsystem$unique_constraint" VALUES('uniq_system$workflowgroup_name','7582d0f8-a963-4fde-8535-e1b257b388d6','28d9ed06-e6fd-4cba-b6a9-4f9e47fece63')
COMMIT
CREATE TABLE "system$workflowactivity_workflowsubprocess" (\u000d\u000a\u0009"system$workflowactivityid" BIGINT NOT NULL,\u000d\u000a\u0009"system$workflowsubprocessid" BIGINT NOT NULL,\u000d\u000a\u0009PRIMARY KEY("system$workflowactivityid","system$workflowsubprocessid"),\u000d\u000a\u0009CONSTRAINT "uniq_system$workflowactivity_workflowsubprocess_system$workflowactivityid" UNIQUE ("system$workflowactivityid"))
CREATE INDEX "idx_system$workflowactivity_workflowsubprocess_system$workflowsubprocess_system$workflowactivity" ON "system$workflowactivity_workflowsubprocess" ("system$workflowsubprocessid" ASC,"system$workflowactivityid" ASC)
INSERT INTO "mendixsystem$association" VALUES('b8b548a4-5b04-4ea6-b59a-5f2c2802969c','System.WorkflowActivity_WorkflowSubProcess','system$workflowactivity_workflowsubprocess','a5952592-bb2c-4798-9805-f9ff91ad97de','ed256e5b-42a9-406a-8d70-d4c24264de86','system$workflowactivityid','system$workflowsubprocessid',NULL,'idx_system$workflowactivity_workflowsubprocess_system$workflowsubprocess_system$workflowactivity',NULL,NULL,NULL,NULL,2)
INSERT INTO "mendixsystem$unique_constraint" VALUES('uniq_system$workflowactivity_workflowsubprocess_system$workflowactivityid','b8b548a4-5b04-4ea6-b59a-5f2c2802969c','77eed144-4320-34d1-881f-742f55b26079')
COMMIT
CREATE TABLE "system$workflowendedusertaskoutcome_workflowendedusertask" (\u000d\u000a\u0009"system$workflowendedusertaskoutcomeid" BIGINT NOT NULL,\u000d\u000a\u0009"system$workflowendedusertaskid" BIGINT NOT NULL,\u000d\u000a\u0009PRIMARY KEY("system$workflowendedusertaskoutcomeid","system$workflowendedusertaskid"),\u000d\u000a\u0009CONSTRAINT "uniq_system$workflowendedusertaskoutcome_workflowendedusertask_system$workflowendedusertaskoutcomeid" UNIQUE ("system$workflowendedusertaskoutcomeid"))
CREATE INDEX "idx_system$workflowendedusertaskoutcome_workflowendedusertask_system$workflowendedusertask_system$workflowendedusertaskoutcome" ON "system$workflowendedusertaskoutcome_workflowendedusertask" ("system$workflowendedusertaskid" ASC,"system$workflowendedusertaskoutcomeid" ASC)
INSERT INTO "mendixsystem$association" VALUES('91790cd2-b8d9-4e3a-82be-504f4552d1d6','System.WorkflowEndedUserTaskOutcome_WorkflowEndedUserTask','system$workflowendedusertaskoutcome_workflowendedusertask','03c36ed6-7828-420c-9a27-23839d06215d','2e12231f-c3b1-4b7c-bc42-d82c778a62a4','system$workflowendedusertaskoutcomeid','system$workflowendedusertaskid',NULL,'idx_system$workflowendedusertaskoutcome_workflowendedusertask_system$workflowendedusertask_system$workflowendedusertaskoutcome',NULL,NULL,NULL,NULL,2)
INSERT INTO "mendixsystem$unique_constraint" VALUES('uniq_system$workflowendedusertaskoutcome_workflowendedusertask_system$workflowendedusertaskoutcomeid','91790cd2-b8d9-4e3a-82be-504f4552d1d6','1b4998f8-5aed-36c2-94c7-81f202cc6225')
COMMIT
CREATE TABLE "system$workflowendedusertaskoutcome_user" (\u000d\u000a\u0009"system$workflowendedusertaskoutcomeid" BIGINT NOT NULL,\u000d\u000a\u0009"system$userid" BIGINT NOT NULL,\u000d\u000a\u0009PRIMARY KEY("system$workflowendedusertaskoutcomeid","system$userid"),\u000d\u000a\u0009CONSTRAINT "uniq_system$workflowendedusertaskoutcome_user_system$workflowendedusertaskoutcomeid" UNIQUE ("system$workflowendedusertaskoutcomeid"))
CREATE INDEX "idx_system$workflowendedusertaskoutcome_user_system$user_system$workflowendedusertaskoutcome" ON "system$workflowendedusertaskoutcome_user" ("system$userid" ASC,"system$workflowendedusertaskoutcomeid" ASC)
INSERT INTO "mendixsystem$association" VALUES('116d625c-39af-4c3b-b723-7b990b8d4336','System.WorkflowEndedUserTaskOutcome_User','system$workflowendedusertaskoutcome_user','03c36ed6-7828-420c-9a27-23839d06215d','282e2e60-88a5-469d-84a5-ba8d9151644f','system$workflowendedusertaskoutcomeid','system$userid',NULL,'idx_system$workflowendedusertaskoutcome_user_system$user_system$workflowendedusertaskoutcome',NULL,NULL,NULL,NULL,2)
INSERT INTO "mendixsystem$unique_constraint" VALUES('uniq_system$workflowendedusertaskoutcome_user_system$workflowendedusertaskoutcomeid','116d625c-39af-4c3b-b723-7b990b8d4336','1954a632-5f15-3c9f-a755-f78a51ec01ac')
COMMIT
CREATE TABLE "system$workflowusertaskdefinition_workflowsubprocessdefinition" (\u000d\u000a\u0009"system$workflowusertaskdefinitionid" BIGINT NOT NULL,\u000d\u000a\u0009"system$workflowsubprocessdefinitionid" BIGINT NOT NULL,\u000d\u000a\u0009PRIMARY KEY("system$workflowusertaskdefinitionid","system$workflowsubprocessdefinitionid"),\u000d\u000a\u0009CONSTRAINT "uniq_system$workflowusertaskdefinition_workflowsubprocessdefinition_system$workflowusertaskdefinitionid" UNIQUE ("system$workflowusertaskdefinitionid"))
CREATE INDEX "idx_system$workflowusertaskdefinition_workflowsubprocessdefinition" ON "system$workflowusertaskdefinition_workflowsubprocessdefinition" ("system$workflowsubprocessdefinitionid" ASC,"system$workflowusertaskdefinitionid" ASC)
INSERT INTO "mendixsystem$association" VALUES('823221cc-66e3-4176-80fa-7f6cc81900f9','System.WorkflowUserTaskDefinition_WorkflowSubProcessDefinition','system$workflowusertaskdefinition_workflowsubprocessdefinition','e09e866f-288b-475c-9465-792cde8b878c','abd99484-42cd-4ef8-93b3-bd161dc41422','system$workflowusertaskdefinitionid','system$workflowsubprocessdefinitionid',NULL,'idx_system$workflowusertaskdefinition_workflowsubprocessdefinition',NULL,NULL,NULL,NULL,2)
INSERT INTO "mendixsystem$unique_constraint" VALUES('uniq_system$workflowusertaskdefinition_workflowsubprocessdefinition_system$workflowusertaskdefinitionid','823221cc-66e3-4176-80fa-7f6cc81900f9','044dbbd9-b0a9-3bfb-81d0-25ac58525108')
COMMIT
CREATE TABLE "system$workflowendedusertask_targetgroups" (\u000d\u000a\u0009"system$workflowendedusertaskid" BIGINT NOT NULL,\u000d\u000a\u0009"system$workflowgroupid" BIGINT NOT NULL,\u000d\u000a\u0009PRIMARY KEY("system$workflowendedusertaskid","system$workflowgroupid"))
CREATE INDEX "idx_system$workflowendedusertask_targetgroups_system$workflowgroup_system$workflowendedusertask" ON "system$workflowendedusertask_targetgroups" ("system$workflowgroupid" ASC,"system$workflowendedusertaskid" ASC)
INSERT INTO "mendixsystem$association" VALUES('c19b560c-e552-40aa-b57e-c24596c097fc','System.WorkflowEndedUserTask_TargetGroups','system$workflowendedusertask_targetgroups','2e12231f-c3b1-4b7c-bc42-d82c778a62a4','7582d0f8-a963-4fde-8535-e1b257b388d6','system$workflowendedusertaskid','system$workflowgroupid',NULL,'idx_system$workflowendedusertask_targetgroups_system$workflowgroup_system$workflowendedusertask',NULL,NULL,NULL,NULL,2)
COMMIT
CREATE TABLE "system$workflowendedusertask_targetusers" (\u000d\u000a\u0009"system$workflowendedusertaskid" BIGINT NOT NULL,\u000d\u000a\u0009"system$userid" BIGINT NOT NULL,\u000d\u000a\u0009PRIMARY KEY("system$workflowendedusertaskid","system$userid"))
CREATE INDEX "idx_system$workflowendedusertask_targetusers_system$user_system$workflowendedusertask" ON "system$workflowendedusertask_targetusers" ("system$userid" ASC,"system$workflowendedusertaskid" ASC)
INSERT INTO "mendixsystem$association" VALUES('42883174-f6d5-47e3-9094-ee0b197328ab','System.WorkflowEndedUserTask_TargetUsers','system$workflowendedusertask_targetusers','2e12231f-c3b1-4b7c-bc42-d82c778a62a4','282e2e60-88a5-469d-84a5-ba8d9151644f','system$workflowendedusertaskid','system$userid',NULL,'idx_system$workflowendedusertask_targetusers_system$user_system$workflowendedusertask',NULL,NULL,NULL,NULL,2)
COMMIT
CREATE TABLE "system$workflowendedusertask_workflowusertaskdefinition" (\u000d\u000a\u0009"system$workflowendedusertaskid" BIGINT NOT NULL,\u000d\u000a\u0009"system$workflowusertaskdefinitionid" BIGINT NOT NULL,\u000d\u000a\u0009PRIMARY KEY("system$workflowendedusertaskid","system$workflowusertaskdefinitionid"),\u000d\u000a\u0009CONSTRAINT "uniq_system$workflowendedusertask_workflowusertaskdefinition_system$workflowendedusertaskid" UNIQUE ("system$workflowendedusertaskid"))
CREATE INDEX "idx_system$workflowendedusertask_workflowusertaskdefinition_system$workflowusertaskdefinition_system$workflowendedusertask" ON "system$workflowendedusertask_workflowusertaskdefinition" ("system$workflowusertaskdefinitionid" ASC,"system$workflowendedusertaskid" ASC)
INSERT INTO "mendixsystem$association" VALUES('ea83a1f9-f686-4c16-8146-ff386d4f62a8','System.WorkflowEndedUserTask_WorkflowUserTaskDefinition','system$workflowendedusertask_workflowusertaskdefinition','2e12231f-c3b1-4b7c-bc42-d82c778a62a4','e09e866f-288b-475c-9465-792cde8b878c','system$workflowendedusertaskid','system$workflowusertaskdefinitionid',NULL,'idx_system$workflowendedusertask_workflowusertaskdefinition_system$workflowusertaskdefinition_system$workflowendedusertask',NULL,NULL,NULL,NULL,2)
INSERT INTO "mendixsystem$unique_constraint" VALUES('uniq_system$workflowendedusertask_workflowusertaskdefinition_system$workflowendedusertaskid','ea83a1f9-f686-4c16-8146-ff386d4f62a8','7ba49166-d9e2-3612-b7d4-3e0004d203dd')
COMMIT
CREATE TABLE "system$workflowendedusertask_workflow" (\u000d\u000a\u0009"system$workflowendedusertaskid" BIGINT NOT NULL,\u000d\u000a\u0009"system$workflowid" BIGINT NOT NULL,\u000d\u000a\u0009PRIMARY KEY("system$workflowendedusertaskid","system$workflowid"),\u000d\u000a\u0009CONSTRAINT "uniq_system$workflowendedusertask_workflow_system$workflowendedusertaskid" UNIQUE ("system$workflowendedusertaskid"))
CREATE INDEX "idx_system$workflowendedusertask_workflow_system$workflow_system$workflowendedusertask" ON "system$workflowendedusertask_workflow" ("system$workflowid" ASC,"system$workflowendedusertaskid" ASC)
INSERT INTO "mendixsystem$association" VALUES('e1fad91f-3bf8-4a02-88f9-4a2316c7d840','System.WorkflowEndedUserTask_Workflow','system$workflowendedusertask_workflow','2e12231f-c3b1-4b7c-bc42-d82c778a62a4','2ae37bf5-ecb8-4c55-b967-d7383925b208','system$workflowendedusertaskid','system$workflowid',NULL,'idx_system$workflowendedusertask_workflow_system$workflow_system$workflowendedusertask',NULL,NULL,NULL,NULL,2)
INSERT INTO "mendixsystem$unique_constraint" VALUES('uniq_system$workflowendedusertask_workflow_system$workflowendedusertaskid','e1fad91f-3bf8-4a02-88f9-4a2316c7d840','19cf3bd4-c27c-319c-9329-9095669c4b4f')
COMMIT
CREATE TABLE "system$workflowendedusertask_workflowsubprocess" (\u000d\u000a\u0009"system$workflowendedusertaskid" BIGINT NOT NULL,\u000d\u000a\u0009"system$workflowsubprocessid" BIGINT NOT NULL,\u000d\u000a\u0009PRIMARY KEY("system$workflowendedusertaskid","system$workflowsubprocessid"),\u000d\u000a\u0009CONSTRAINT "uniq_system$workflowendedusertask_workflowsubprocess_system$workflowendedusertaskid" UNIQUE ("system$workflowendedusertaskid"))
CREATE INDEX "idx_system$workflowendedusertask_workflowsubprocess_system$workflowsubprocess_system$workflowendedusertask" ON "system$workflowendedusertask_workflowsubprocess" ("system$workflowsubprocessid" ASC,"system$workflowendedusertaskid" ASC)
INSERT INTO "mendixsystem$association" VALUES('6e232f14-1040-4bfe-b8c2-0e3e91d787c1','System.WorkflowEndedUserTask_WorkflowSubProcess','system$workflowendedusertask_workflowsubprocess','2e12231f-c3b1-4b7c-bc42-d82c778a62a4','ed256e5b-42a9-406a-8d70-d4c24264de86','system$workflowendedusertaskid','system$workflowsubprocessid',NULL,'idx_system$workflowendedusertask_workflowsubprocess_system$workflowsubprocess_system$workflowendedusertask',NULL,NULL,NULL,NULL,2)
INSERT INTO "mendixsystem$unique_constraint" VALUES('uniq_system$workflowendedusertask_workflowsubprocess_system$workflowendedusertaskid','6e232f14-1040-4bfe-b8c2-0e3e91d787c1','51763ae8-2afe-3d35-a226-dd384c9e64f8')
COMMIT
CREATE TABLE "system$workflowendedusertask_assignees" (\u000d\u000a\u0009"system$workflowendedusertaskid" BIGINT NOT NULL,\u000d\u000a\u0009"system$userid" BIGINT NOT NULL,\u000d\u000a\u0009PRIMARY KEY("system$workflowendedusertaskid","system$userid"))
CREATE INDEX "idx_system$workflowendedusertask_assignees_system$user_system$workflowendedusertask" ON "system$workflowendedusertask_assignees" ("system$userid" ASC,"system$workflowendedusertaskid" ASC)
INSERT INTO "mendixsystem$association" VALUES('a7f1e558-d129-4adb-b5b4-dbb4853056f2','System.WorkflowEndedUserTask_Assignees','system$workflowendedusertask_assignees','2e12231f-c3b1-4b7c-bc42-d82c778a62a4','282e2e60-88a5-469d-84a5-ba8d9151644f','system$workflowendedusertaskid','system$userid',NULL,'idx_system$workflowendedusertask_assignees_system$user_system$workflowendedusertask',NULL,NULL,NULL,NULL,2)
COMMIT
CREATE TABLE "system$workflowusertask_workflowsubprocess" (\u000d\u000a\u0009"system$workflowusertaskid" BIGINT NOT NULL,\u000d\u000a\u0009"system$workflowsubprocessid" BIGINT NOT NULL,\u000d\u000a\u0009PRIMARY KEY("system$workflowusertaskid","system$workflowsubprocessid"),\u000d\u000a\u0009CONSTRAINT "uniq_system$workflowusertask_workflowsubprocess_system$workflowusertaskid" UNIQUE ("system$workflowusertaskid"))
CREATE INDEX "idx_system$workflowusertask_workflowsubprocess_system$workflowsubprocess_system$workflowusertask" ON "system$workflowusertask_workflowsubprocess" ("system$workflowsubprocessid" ASC,"system$workflowusertaskid" ASC)
INSERT INTO "mendixsystem$association" VALUES('639df7bf-fe8e-4f68-bb17-55978a15a07b','System.WorkflowUserTask_WorkflowSubProcess','system$workflowusertask_workflowsubprocess','3729d27c-735b-457a-b210-9dffb125c3f3','ed256e5b-42a9-406a-8d70-d4c24264de86','system$workflowusertaskid','system$workflowsubprocessid',NULL,'idx_system$workflowusertask_workflowsubprocess_system$workflowsubprocess_system$workflowusertask',NULL,NULL,NULL,NULL,2)
INSERT INTO "mendixsystem$unique_constraint" VALUES('uniq_system$workflowusertask_workflowsubprocess_system$workflowusertaskid','639df7bf-fe8e-4f68-bb17-55978a15a07b','68a9fe3f-7ce0-31b4-8427-f4e60caab809')
COMMIT
CREATE TABLE "system$workflowusertask_targetgroups" (\u000d\u000a\u0009"system$workflowusertaskid" BIGINT NOT NULL,\u000d\u000a\u0009"system$workflowgroupid" BIGINT NOT NULL,\u000d\u000a\u0009PRIMARY KEY("system$workflowusertaskid","system$workflowgroupid"))
CREATE INDEX "idx_system$workflowusertask_targetgroups_system$workflowgroup_system$workflowusertask" ON "system$workflowusertask_targetgroups" ("system$workflowgroupid" ASC,"system$workflowusertaskid" ASC)
INSERT INTO "mendixsystem$association" VALUES('3b215944-42bb-4113-bfb4-58b1f7b34460','System.WorkflowUserTask_TargetGroups','system$workflowusertask_targetgroups','3729d27c-735b-457a-b210-9dffb125c3f3','7582d0f8-a963-4fde-8535-e1b257b388d6','system$workflowusertaskid','system$workflowgroupid',NULL,'idx_system$workflowusertask_targetgroups_system$workflowgroup_system$workflowusertask',NULL,NULL,NULL,NULL,2)
COMMIT
CREATE TABLE "system$workflowsubprocessdefinition_workflowdefinition" (\u000d\u000a\u0009"system$workflowsubprocessdefinitionid" BIGINT NOT NULL,\u000d\u000a\u0009"system$workflowdefinitionid" BIGINT NOT NULL,\u000d\u000a\u0009PRIMARY KEY("system$workflowsubprocessdefinitionid","system$workflowdefinitionid"),\u000d\u000a\u0009CONSTRAINT "uniq_system$workflowsubprocessdefinition_workflowdefinition_system$workflowsubprocessdefinitionid" UNIQUE ("system$workflowsubprocessdefinitionid"))
CREATE INDEX "idx_system$workflowsubprocessdefinition_workflowdefinition_system$workflowdefinition_system$workflowsubprocessdefinition" ON "system$workflowsubprocessdefinition_workflowdefinition" ("system$workflowdefinitionid" ASC,"system$workflowsubprocessdefinitionid" ASC)
INSERT INTO "mendixsystem$association" VALUES('cec39239-05f1-49d3-9274-d7b1e99852ac','System.WorkflowSubProcessDefinition_WorkflowDefinition','system$workflowsubprocessdefinition_workflowdefinition','abd99484-42cd-4ef8-93b3-bd161dc41422','5c570d3b-7b31-44fe-abd6-269a234584c5','system$workflowsubprocessdefinitionid','system$workflowdefinitionid',NULL,'idx_system$workflowsubprocessdefinition_workflowdefinition_system$workflowdefinition_system$workflowsubprocessdefinition',NULL,NULL,NULL,NULL,2)
INSERT INTO "mendixsystem$unique_constraint" VALUES('uniq_system$workflowsubprocessdefinition_workflowdefinition_system$workflowsubprocessdefinitionid','cec39239-05f1-49d3-9274-d7b1e99852ac','7a8d8612-72b1-3447-b842-31885e3e1f40')
COMMIT
CREATE TABLE "system$workflowsubprocess_workflowsubprocessdefinition" (\u000d\u000a\u0009"system$workflowsubprocessid" BIGINT NOT NULL,\u000d\u000a\u0009"system$workflowsubprocessdefinitionid" BIGINT NOT NULL,\u000d\u000a\u0009PRIMARY KEY("system$workflowsubprocessid","system$workflowsubprocessdefinitionid"),\u000d\u000a\u0009CONSTRAINT "uniq_system$workflowsubprocess_workflowsubprocessdefinition_system$workflowsubprocessid" UNIQUE ("system$workflowsubprocessid"))
CREATE INDEX "idx_system$workflowsubprocess_workflowsubprocessdefinition_system$workflowsubprocessdefinition_system$workflowsubprocess" ON "system$workflowsubprocess_workflowsubprocessdefinition" ("system$workflowsubprocessdefinitionid" ASC,"system$workflowsubprocessid" ASC)
INSERT INTO "mendixsystem$association" VALUES('616dd9e7-e886-4439-9ecb-72e39e0b27ea','System.WorkflowSubProcess_WorkflowSubProcessDefinition','system$workflowsubprocess_workflowsubprocessdefinition','ed256e5b-42a9-406a-8d70-d4c24264de86','abd99484-42cd-4ef8-93b3-bd161dc41422','system$workflowsubprocessid','system$workflowsubprocessdefinitionid',NULL,'idx_system$workflowsubprocess_workflowsubprocessdefinition_system$workflowsubprocessdefinition_system$workflowsubprocess',NULL,NULL,NULL,NULL,2)
INSERT INTO "mendixsystem$unique_constraint" VALUES('uniq_system$workflowsubprocess_workflowsubprocessdefinition_system$workflowsubprocessid','616dd9e7-e886-4439-9ecb-72e39e0b27ea','916b80f9-fdbf-3e9e-b3a8-183ef4902924')
COMMIT
CREATE TABLE "system$workflowsubprocess_workflow" (\u000d\u000a\u0009"system$workflowsubprocessid" BIGINT NOT NULL,\u000d\u000a\u0009"system$workflowid" BIGINT NOT NULL,\u000d\u000a\u0009PRIMARY KEY("system$workflowsubprocessid","system$workflowid"),\u000d\u000a\u0009CONSTRAINT "uniq_system$workflowsubprocess_workflow_system$workflowsubprocessid" UNIQUE ("system$workflowsubprocessid"))
CREATE INDEX "idx_system$workflowsubprocess_workflow_system$workflow_system$workflowsubprocess" ON "system$workflowsubprocess_workflow" ("system$workflowid" ASC,"system$workflowsubprocessid" ASC)
INSERT INTO "mendixsystem$association" VALUES('cb22ec93-b0fc-4d48-9dc1-5a84a1a82943','System.WorkflowSubProcess_Workflow','system$workflowsubprocess_workflow','ed256e5b-42a9-406a-8d70-d4c24264de86','2ae37bf5-ecb8-4c55-b967-d7383925b208','system$workflowsubprocessid','system$workflowid',NULL,'idx_system$workflowsubprocess_workflow_system$workflow_system$workflowsubprocess',NULL,NULL,NULL,NULL,2)
INSERT INTO "mendixsystem$unique_constraint" VALUES('uniq_system$workflowsubprocess_workflow_system$workflowsubprocessid','cb22ec93-b0fc-4d48-9dc1-5a84a1a82943','219320f5-a998-3606-bac5-2d1d908f0eee')
COMMIT
CREATE TABLE "system$workflowgroup_user" (\u000d\u000a\u0009"system$workflowgroupid" BIGINT NOT NULL,\u000d\u000a\u0009"system$userid" BIGINT NOT NULL,\u000d\u000a\u0009PRIMARY KEY("system$workflowgroupid","system$userid"))
CREATE INDEX "idx_system$workflowgroup_user_system$user_system$workflowgroup" ON "system$workflowgroup_user" ("system$userid" ASC,"system$workflowgroupid" ASC)
INSERT INTO "mendixsystem$association" VALUES('c407f399-7e6c-4c2d-9b8d-1d24855f031b','System.WorkflowGroup_User','system$workflowgroup_user','7582d0f8-a963-4fde-8535-e1b257b388d6','282e2e60-88a5-469d-84a5-ba8d9151644f','system$workflowgroupid','system$userid',NULL,'idx_system$workflowgroup_user_system$user_system$workflowgroup',NULL,NULL,NULL,NULL,2)
DELETE FROM "mendixsystem$version" WHERE "versionnumber"='4.2'
INSERT INTO "mendixsystem$version" VALUES('4.2','2026-08-04 08:36:37.035000','4.6.0','unversioned','Badge','10.24.0.73019')
COMMIT
DELETE FROM "mendixsystem$version" WHERE "versionnumber"='4.2'
INSERT INTO "mendixsystem$version" VALUES('4.2','2026-08-04 08:36:37.035000','4.6.0','unversioned','Badge','11.12.2')
COMMIT
INSERT INTO "mendixsystem$entityidentifier" VALUES('ed256e5b-42a9-406a-8d70-d4c24264de86',53,1)
COMMIT
INSERT INTO "mendixsystem$entityidentifier" VALUES('03c36ed6-7828-420c-9a27-23839d06215d',50,1)
COMMIT
INSERT INTO "mendixsystem$entityidentifier" VALUES('abd99484-42cd-4ef8-93b3-bd161dc41422',52,1)
COMMIT
INSERT INTO "mendixsystem$entityidentifier" VALUES('2e12231f-c3b1-4b7c-bc42-d82c778a62a4',51,1)
COMMIT
INSERT INTO "mendixsystem$entityidentifier" VALUES('7b35b2d0-ef16-4283-b3f4-3045044c1b9e',49,1)
COMMIT
INSERT INTO "mendixsystem$entityidentifier" VALUES('7582d0f8-a963-4fde-8535-e1b257b388d6',54,1)
COMMIT
DELETE FROM "system$userrole" WHERE "id"=12666373951979681
INSERT INTO "system$userrole" VALUES(12666373951979681,'8dd52bfa-6d7e-453b-b506-303c0a3d9567','Administrator','')
DELETE FROM "system$userrole" WHERE "id"=12666373951979783
INSERT INTO "system$userrole" VALUES(12666373951979783,'53f5d6fa-6da9-4a71-b011-454ec052cce8','User','')
COMMIT
DELETE FROM "mendixsystem$properties" WHERE "key"='Mendix.Runtime.DeploymentID'
INSERT INTO "mendixsystem$properties" VALUES('Mendix.Runtime.DeploymentID','639214365674338214')
COMMIT
DELETE FROM "mendixsystem$entityidentifier" WHERE "id"='d4154981-8dac-4150-aec5-efa3ef62a7a2'
INSERT INTO "mendixsystem$entityidentifier" VALUES('d4154981-8dac-4150-aec5-efa3ef62a7a2',40,201)
COMMIT
INSERT INTO "system$xasinstance" VALUES(11258999068439292,'c66c4ed9-9a9c-413b-ab1c-92b6487a1aec','2026-08-04 08:36:38.032000',NULL,NULL,NULL,'2026-08-04 08:36:38.032000')
COMMIT
INSERT INTO "mendixsystem$properties" VALUES('oldFileMigrationCompleted','true')
COMMIT
DELETE FROM "system$xasinstance" WHERE "id"=11258999068439292
INSERT INTO "system$xasinstance" VALUES(11258999068439292,'c66c4ed9-9a9c-413b-ab1c-92b6487a1aec','2026-08-04 08:36:38.438000',NULL,NULL,NULL,'2026-08-04 08:36:38.032000')
COMMIT
/*C11*/SET SCHEMA PUBLIC
DELETE FROM "mendixsystem$entityidentifier" WHERE "id"='ec8af3b8-bfea-4b4b-b8fe-c8b4be5f5224'
INSERT INTO "mendixsystem$entityidentifier" VALUES('ec8af3b8-bfea-4b4b-b8fe-c8b4be5f5224',22,201)
COMMIT
/*C10*/DELETE FROM "bootstrapbadge$badge" WHERE "id"=6192449487634612
INSERT INTO "bootstrapbadge$badge" VALUES(6192449487647468,'New','primary','Custom Label',0,0,0.00000000,NULL)
INSERT INTO "bootstrapbadge$badge" VALUES(6192449487647513,'NewSuccess','success','Custom Label',0,0,0.00000000,NULL)
INSERT INTO "bootstrapbadge$badge" VALUES(6192449487647631,'NewInfo','info','Custom Label',0,0,0.00000000,NULL)
INSERT INTO "bootstrapbadge$badge" VALUES(6192449487647748,'NewWarning','warning','Custom Label',0,0,0.00000000,NULL)
INSERT INTO "bootstrapbadge$badge" VALUES(6192449487647996,'NewDanger','danger','Custom Label',0,0,0.00000000,NULL)
COMMIT
/*C11*/DELETE FROM "mendixsystem$entityidentifier" WHERE "id"='c6c131c8-8779-4213-9b26-a64e141f26a8'
INSERT INTO "mendixsystem$entityidentifier" VALUES('c6c131c8-8779-4213-9b26-a64e141f26a8',42,201)
COMMIT
ALTER SEQUENCE PUBLIC."system$queuedtask_sequence_mxseq" RESTART WITH 20
INSERT INTO "system$queuedtask" VALUES(11821949021860557,19,'Idle','59651013-f9bc-4fc1-b435-276439b07899','System.ScheduledEventsQueue','ScheduledEvent',NULL,NULL,'ClusterManagement-CacheClusterStatistics','[]',NULL,NULL,'2026-08-04 08:36:38.896000','2026-08-04 08:36:43.847000',NULL,0,NULL,'ClusterManagement-CacheClusterStatistics',NULL)
COMMIT
DELETE FROM "system$queuedtask" WHERE "id"=11821949021847745
INSERT INTO "system$queuedtask" VALUES(11821949021847745,1,'Idle','59651013-f9bc-4fc1-b435-276439b07899','System.ScheduledEventsQueue','ScheduledEvent',NULL,NULL,'ClusterManagement-CleanupProcessedTasks','[]',NULL,NULL,'2026-08-04 08:20:48.254000','2026-08-04 08:25:06.383000',NULL,0,NULL,'ClusterManagement-CleanupProcessedTasks',NULL)
COMMIT
DELETE FROM "system$queuedtask" WHERE "id"=11821949021849568
INSERT INTO "system$queuedtask" VALUES(11821949021849568,17,'Idle','59651013-f9bc-4fc1-b435-276439b07899','System.ScheduledEventsQueue','ScheduledEvent',NULL,NULL,'ClusterManagement-CleanupBackgroundJobs','[]',NULL,NULL,'2026-08-04 08:20:49.389000','2026-08-04 08:25:49.241000',NULL,0,NULL,'ClusterManagement-CleanupBackgroundJobs',NULL)
COMMIT
DELETE FROM "system$queuedtask" WHERE "id"=11821949021849605
INSERT INTO "system$queuedtask" VALUES(11821949021849605,14,'Idle','59651013-f9bc-4fc1-b435-276439b07899','System.ScheduledEventsQueue','ScheduledEvent',NULL,NULL,'ClusterManagement-CleanupTmpDocuments','[]',NULL,NULL,'2026-08-04 08:20:49.389000','2026-08-04 08:25:49.241000',NULL,0,NULL,'ClusterManagement-CleanupTmpDocuments',NULL)
COMMIT
DELETE FROM "system$queuedtask" WHERE "id"=11821949021848144
INSERT INTO "system$queuedtask" VALUES(11821949021848144,4,'Idle','59651013-f9bc-4fc1-b435-276439b07899','System.ScheduledEventsQueue','ScheduledEvent',NULL,NULL,'ClusterManagement-CleanupScheduledEvents','[]',NULL,NULL,'2026-08-04 08:20:48.259000','2026-08-04 08:24:23.526000',NULL,0,NULL,'ClusterManagement-CleanupScheduledEvents',NULL)
COMMIT
DELETE FROM "system$queuedtask" WHERE "id"=11821949021848213
INSERT INTO "system$queuedtask" VALUES(11821949021848213,5,'Idle','59651013-f9bc-4fc1-b435-276439b07899','System.ScheduledEventsQueue','ScheduledEvent',NULL,NULL,'ClusterManagement-CleanupUnreferencedFiles','[]',NULL,NULL,'2026-08-04 08:20:48.259000','2026-08-04 08:23:40.669000',NULL,0,NULL,'ClusterManagement-CleanupUnreferencedFiles',NULL)
COMMIT
DELETE FROM "system$queuedtask" WHERE "id"=11821949021849443
INSERT INTO "system$queuedtask" VALUES(11821949021849443,16,'Idle','59651013-f9bc-4fc1-b435-276439b07899','System.ScheduledEventsQueue','ScheduledEvent',NULL,NULL,'ClusterManagement-CleanupSessions','[]',NULL,NULL,'2026-08-04 08:20:49.389000','2026-08-04 08:25:49.241000',NULL,0,NULL,'ClusterManagement-CleanupSessions',NULL)
COMMIT
DELETE FROM "system$queuedtask" WHERE "id"=11821949021848465
INSERT INTO "system$queuedtask" VALUES(11821949021848465,7,'Idle','59651013-f9bc-4fc1-b435-276439b07899','System.ScheduledEventsQueue','ScheduledEvent',NULL,NULL,'ClusterManagement-PopulateFileDocumentSizes','[]',NULL,NULL,'2026-08-04 08:20:48.260000','2026-08-04 08:22:14.955000',NULL,0,NULL,'ClusterManagement-PopulateFileDocumentSizes',NULL)
COMMIT
DELETE FROM "system$queuedtask" WHERE "id"=11821949021848582
INSERT INTO "system$queuedtask" VALUES(11821949021848582,8,'Idle','59651013-f9bc-4fc1-b435-276439b07899','System.ScheduledEventsQueue','ScheduledEvent',NULL,NULL,'ClusterManagement-CleanupOrphanedFiles','[]',NULL,NULL,'2026-08-04 08:20:48.261000','2026-08-04 08:22:57.812000',NULL,0,NULL,'ClusterManagement-CleanupOrphanedFiles',NULL)
COMMIT
DELETE FROM "system$queuedtask" WHERE "id"=11821949021849777
INSERT INTO "system$queuedtask" VALUES(11821949021849777,15,'Idle','59651013-f9bc-4fc1-b435-276439b07899','System.ScheduledEventsQueue','ScheduledEvent',NULL,NULL,'ClusterManagement-CleanupOfflineSyncHistory','[]',NULL,NULL,'2026-08-04 08:20:49.389000','2026-08-04 08:25:49.241000',NULL,0,NULL,'ClusterManagement-CleanupOfflineSyncHistory',NULL)
COMMIT
DELETE FROM "system$queuedtask" WHERE "id"=11821949021848924
COMMIT
DELETE FROM "system$queuedtask" WHERE "id"=11821949021849306
INSERT INTO "system$queuedtask" VALUES(11821949021849306,13,'Idle','59651013-f9bc-4fc1-b435-276439b07899','System.ScheduledEventsQueue','ScheduledEvent',NULL,NULL,'ClusterManagement-CleanupOfflineGUIDs','[]',NULL,NULL,'2026-08-04 08:20:49.389000','2026-08-04 08:25:49.241000',NULL,0,NULL,'ClusterManagement-CleanupOfflineGUIDs',NULL)
COMMIT
DELETE FROM "system$queuedtask" WHERE "id"=11821949021849879
INSERT INTO "system$queuedtask" VALUES(11821949021849879,18,'Idle','59651013-f9bc-4fc1-b435-276439b07899','System.ScheduledEventsQueue','ScheduledEvent',NULL,NULL,'ClusterManagement-UnblockUsers','[]',NULL,NULL,'2026-08-04 08:20:53.485000','2026-08-04 08:25:53.241000',NULL,0,NULL,'ClusterManagement-UnblockUsers',NULL)
COMMIT
/*C10*/DELETE FROM "mendixsystem$properties" WHERE "key"='ScheduledEventsExecution'
INSERT INTO "mendixsystem$properties" VALUES('ScheduledEventsExecution','NONE:639214365674338214')
COMMIT
DELETE FROM "system$queuedtask" WHERE "id"=11821949021847745
DELETE FROM "system$queuedtask" WHERE "id"=11821949021848144
DELETE FROM "system$queuedtask" WHERE "id"=11821949021848213
DELETE FROM "system$queuedtask" WHERE "id"=11821949021848465
DELETE FROM "system$queuedtask" WHERE "id"=11821949021848582
DELETE FROM "system$queuedtask" WHERE "id"=11821949021849306
DELETE FROM "system$queuedtask" WHERE "id"=11821949021849605
DELETE FROM "system$queuedtask" WHERE "id"=11821949021849777
DELETE FROM "system$queuedtask" WHERE "id"=11821949021849443
DELETE FROM "system$queuedtask" WHERE "id"=11821949021849568
INSERT INTO "system$queuedtask" VALUES(11821949021847745,1,'Running','59651013-f9bc-4fc1-b435-276439b07899','System.ScheduledEventsQueue','ScheduledEvent',NULL,NULL,'ClusterManagement-CleanupProcessedTasks','[]','c66c4ed9-9a9c-413b-ab1c-92b6487a1aec',68,'2026-08-04 08:20:48.254000','2026-08-04 08:25:06.383000','2026-08-04 08:36:39.116000',0,NULL,'ClusterManagement-CleanupProcessedTasks',NULL)
INSERT INTO "system$queuedtask" VALUES(11821949021848144,4,'Running','59651013-f9bc-4fc1-b435-276439b07899','System.ScheduledEventsQueue','ScheduledEvent',NULL,NULL,'ClusterManagement-CleanupScheduledEvents','[]','c66c4ed9-9a9c-413b-ab1c-92b6487a1aec',68,'2026-08-04 08:20:48.259000','2026-08-04 08:24:23.526000','2026-08-04 08:36:39.123000',0,NULL,'ClusterManagement-CleanupScheduledEvents',NULL)
INSERT INTO "system$queuedtask" VALUES(11821949021848213,5,'Running','59651013-f9bc-4fc1-b435-276439b07899','System.ScheduledEventsQueue','ScheduledEvent',NULL,NULL,'ClusterManagement-CleanupUnreferencedFiles','[]','c66c4ed9-9a9c-413b-ab1c-92b6487a1aec',68,'2026-08-04 08:20:48.259000','2026-08-04 08:23:40.669000','2026-08-04 08:36:39.125000',0,NULL,'ClusterManagement-CleanupUnreferencedFiles',NULL)
INSERT INTO "system$queuedtask" VALUES(11821949021848465,7,'Running','59651013-f9bc-4fc1-b435-276439b07899','System.ScheduledEventsQueue','ScheduledEvent',NULL,NULL,'ClusterManagement-PopulateFileDocumentSizes','[]','c66c4ed9-9a9c-413b-ab1c-92b6487a1aec',68,'2026-08-04 08:20:48.260000','2026-08-04 08:22:14.955000','2026-08-04 08:36:39.126000',0,NULL,'ClusterManagement-PopulateFileDocumentSizes',NULL)
INSERT INTO "system$queuedtask" VALUES(11821949021848582,8,'Running','59651013-f9bc-4fc1-b435-276439b07899','System.ScheduledEventsQueue','ScheduledEvent',NULL,NULL,'ClusterManagement-CleanupOrphanedFiles','[]','c66c4ed9-9a9c-413b-ab1c-92b6487a1aec',68,'2026-08-04 08:20:48.261000','2026-08-04 08:22:57.812000','2026-08-04 08:36:39.127000',0,NULL,'ClusterManagement-CleanupOrphanedFiles',NULL)
INSERT INTO "system$queuedtask" VALUES(11821949021849306,13,'Running','59651013-f9bc-4fc1-b435-276439b07899','System.ScheduledEventsQueue','ScheduledEvent',NULL,NULL,'ClusterManagement-CleanupOfflineGUIDs','[]','c66c4ed9-9a9c-413b-ab1c-92b6487a1aec',68,'2026-08-04 08:20:49.389000','2026-08-04 08:25:49.241000','2026-08-04 08:36:39.127000',0,NULL,'ClusterManagement-CleanupOfflineGUIDs',NULL)
INSERT INTO "system$queuedtask" VALUES(11821949021849605,14,'Running','59651013-f9bc-4fc1-b435-276439b07899','System.ScheduledEventsQueue','ScheduledEvent',NULL,NULL,'ClusterManagement-CleanupTmpDocuments','[]','c66c4ed9-9a9c-413b-ab1c-92b6487a1aec',68,'2026-08-04 08:20:49.389000','2026-08-04 08:25:49.241000','2026-08-04 08:36:39.128000',0,NULL,'ClusterManagement-CleanupTmpDocuments',NULL)
INSERT INTO "system$queuedtask" VALUES(11821949021849777,15,'Running','59651013-f9bc-4fc1-b435-276439b07899','System.ScheduledEventsQueue','ScheduledEvent',NULL,NULL,'ClusterManagement-CleanupOfflineSyncHistory','[]','c66c4ed9-9a9c-413b-ab1c-92b6487a1aec',68,'2026-08-04 08:20:49.389000','2026-08-04 08:25:49.241000','2026-08-04 08:36:39.129000',0,NULL,'ClusterManagement-CleanupOfflineSyncHistory',NULL)
INSERT INTO "system$queuedtask" VALUES(11821949021849443,16,'Running','59651013-f9bc-4fc1-b435-276439b07899','System.ScheduledEventsQueue','ScheduledEvent',NULL,NULL,'ClusterManagement-CleanupSessions','[]','c66c4ed9-9a9c-413b-ab1c-92b6487a1aec',68,'2026-08-04 08:20:49.389000','2026-08-04 08:25:49.241000','2026-08-04 08:36:39.130000',0,NULL,'ClusterManagement-CleanupSessions',NULL)
INSERT INTO "system$queuedtask" VALUES(11821949021849568,17,'Running','59651013-f9bc-4fc1-b435-276439b07899','System.ScheduledEventsQueue','ScheduledEvent',NULL,NULL,'ClusterManagement-CleanupBackgroundJobs','[]','c66c4ed9-9a9c-413b-ab1c-92b6487a1aec',68,'2026-08-04 08:20:49.389000','2026-08-04 08:25:49.241000','2026-08-04 08:36:39.131000',0,NULL,'ClusterManagement-CleanupBackgroundJobs',NULL)
COMMIT
INSERT INTO "mendixsystem$properties" VALUES('leftoverUnreferencedFileCleanupComplete','true')
COMMIT
/*C18*/SET SCHEMA PUBLIC
ALTER SEQUENCE PUBLIC."system$queuedtask_sequence_mxseq" RESTART WITH 30
/*C16*/SET SCHEMA PUBLIC
ALTER SEQUENCE PUBLIC."system$queuedtask_sequence_mxseq" RESTART WITH 30
/*C12*/SET SCHEMA PUBLIC
ALTER SEQUENCE PUBLIC."system$queuedtask_sequence_mxseq" RESTART WITH 30
/*C14*/SET SCHEMA PUBLIC
ALTER SEQUENCE PUBLIC."system$queuedtask_sequence_mxseq" RESTART WITH 30
/*C10*/ALTER SEQUENCE PUBLIC."system$queuedtask_sequence_mxseq" RESTART WITH 30
/*C19*/SET SCHEMA PUBLIC
ALTER SEQUENCE PUBLIC."system$queuedtask_sequence_mxseq" RESTART WITH 30
/*C17*/SET SCHEMA PUBLIC
ALTER SEQUENCE PUBLIC."system$queuedtask_sequence_mxseq" RESTART WITH 30
/*C15*/SET SCHEMA PUBLIC
ALTER SEQUENCE PUBLIC."system$queuedtask_sequence_mxseq" RESTART WITH 30
/*C11*/ALTER SEQUENCE PUBLIC."system$queuedtask_sequence_mxseq" RESTART WITH 30
/*C13*/SET SCHEMA PUBLIC
ALTER SEQUENCE PUBLIC."system$queuedtask_sequence_mxseq" RESTART WITH 30
/*C20*/SET SCHEMA PUBLIC
DELETE FROM "mendixsystem$entityidentifier" WHERE "id"='eb5c32a1-85ec-49d1-8bca-ecca779cd539'
INSERT INTO "mendixsystem$entityidentifier" VALUES('eb5c32a1-85ec-49d1-8bca-ecca779cd539',38,201)
COMMIT
/*C11*/INSERT INTO "system$queuedtask" VALUES(11821949021860962,27,'Idle','59651013-f9bc-4fc1-b435-276439b07899','System.ScheduledEventsQueue','ScheduledEvent',NULL,NULL,'ClusterManagement-CleanupScheduledEvents','[]',NULL,NULL,'2026-08-04 08:36:39.306000','2026-08-04 08:34:23.526000',NULL,0,NULL,'ClusterManagement-CleanupScheduledEvents',NULL)
INSERT INTO "system$processedqueuetask" VALUES(10696049115018758,4,'Completed','59651013-f9bc-4fc1-b435-276439b07899','System.ScheduledEventsQueue','ScheduledEvent',NULL,NULL,'ClusterManagement-CleanupScheduledEvents','[]','c66c4ed9-9a9c-413b-ab1c-92b6487a1aec',68,'2026-08-04 08:20:48.259000','2026-08-04 08:24:23.526000','2026-08-04 08:36:39.123000','2026-08-04 08:36:39.345000',222,0,NULL,'ClusterManagement-CleanupScheduledEvents',NULL)
DELETE FROM "system$queuedtask" WHERE "id"=11821949021848144
COMMIT
/*C17*/INSERT INTO "system$queuedtask" VALUES(11821949021861446,26,'Idle','59651013-f9bc-4fc1-b435-276439b07899','System.ScheduledEventsQueue','ScheduledEvent',NULL,NULL,'ClusterManagement-CleanupProcessedTasks','[]',NULL,NULL,'2026-08-04 08:36:39.306000','2026-08-04 08:35:06.383000',NULL,0,NULL,'ClusterManagement-CleanupProcessedTasks',NULL)
INSERT INTO "system$processedqueuetask" VALUES(10696049115018120,1,'Completed','59651013-f9bc-4fc1-b435-276439b07899','System.ScheduledEventsQueue','ScheduledEvent',NULL,NULL,'ClusterManagement-CleanupProcessedTasks','[]','c66c4ed9-9a9c-413b-ab1c-92b6487a1aec',68,'2026-08-04 08:20:48.254000','2026-08-04 08:25:06.383000','2026-08-04 08:36:39.116000','2026-08-04 08:36:39.345000',229,0,NULL,'ClusterManagement-CleanupProcessedTasks',NULL)
DELETE FROM "system$queuedtask" WHERE "id"=11821949021847745
COMMIT
/*C12*/INSERT INTO "system$queuedtask" VALUES(11821949021861093,23,'Idle','59651013-f9bc-4fc1-b435-276439b07899','System.ScheduledEventsQueue','ScheduledEvent',NULL,NULL,'ClusterManagement-CleanupTmpDocuments','[]',NULL,NULL,'2026-08-04 08:36:39.306000','2026-08-04 08:35:49.241000',NULL,0,NULL,'ClusterManagement-CleanupTmpDocuments',NULL)
INSERT INTO "system$processedqueuetask" VALUES(10696049115017990,14,'Completed','59651013-f9bc-4fc1-b435-276439b07899','System.ScheduledEventsQueue','ScheduledEvent',NULL,NULL,'ClusterManagement-CleanupTmpDocuments','[]','c66c4ed9-9a9c-413b-ab1c-92b6487a1aec',68,'2026-08-04 08:20:49.389000','2026-08-04 08:25:49.241000','2026-08-04 08:36:39.128000','2026-08-04 08:36:39.345000',217,0,NULL,'ClusterManagement-CleanupTmpDocuments',NULL)
DELETE FROM "system$queuedtask" WHERE "id"=11821949021849605
COMMIT
/*C16*/INSERT INTO "system$queuedtask" VALUES(11821949021860812,29,'Idle','59651013-f9bc-4fc1-b435-276439b07899','System.ScheduledEventsQueue','ScheduledEvent',NULL,NULL,'ClusterManagement-CleanupOrphanedFiles','[]',NULL,NULL,'2026-08-04 08:36:39.306000','2026-08-04 08:32:57.812000',NULL,0,NULL,'ClusterManagement-CleanupOrphanedFiles',NULL)
INSERT INTO "system$processedqueuetask" VALUES(10696049115018534,8,'Completed','59651013-f9bc-4fc1-b435-276439b07899','System.ScheduledEventsQueue','ScheduledEvent',NULL,NULL,'ClusterManagement-CleanupOrphanedFiles','[]','c66c4ed9-9a9c-413b-ab1c-92b6487a1aec',68,'2026-08-04 08:20:48.261000','2026-08-04 08:22:57.812000','2026-08-04 08:36:39.127000','2026-08-04 08:36:39.345000',218,0,NULL,'ClusterManagement-CleanupOrphanedFiles',NULL)
DELETE FROM "system$queuedtask" WHERE "id"=11821949021848582
COMMIT
/*C18*/INSERT INTO "system$queuedtask" VALUES(11821949021861530,24,'Idle','59651013-f9bc-4fc1-b435-276439b07899','System.ScheduledEventsQueue','ScheduledEvent',NULL,NULL,'ClusterManagement-PopulateFileDocumentSizes','[]',NULL,NULL,'2026-08-04 08:36:39.306000','2026-08-04 08:32:14.955000',NULL,0,NULL,'ClusterManagement-PopulateFileDocumentSizes',NULL)
INSERT INTO "system$processedqueuetask" VALUES(10696049115018285,7,'Completed','59651013-f9bc-4fc1-b435-276439b07899','System.ScheduledEventsQueue','ScheduledEvent',NULL,NULL,'ClusterManagement-PopulateFileDocumentSizes','[]','c66c4ed9-9a9c-413b-ab1c-92b6487a1aec',68,'2026-08-04 08:20:48.260000','2026-08-04 08:22:14.955000','2026-08-04 08:36:39.126000','2026-08-04 08:36:39.344000',218,0,NULL,'ClusterManagement-PopulateFileDocumentSizes',NULL)
DELETE FROM "system$queuedtask" WHERE "id"=11821949021848465
COMMIT
/*C15*/INSERT INTO "system$queuedtask" VALUES(11821949021861729,21,'Idle','59651013-f9bc-4fc1-b435-276439b07899','System.ScheduledEventsQueue','ScheduledEvent',NULL,NULL,'ClusterManagement-CleanupOfflineSyncHistory','[]',NULL,NULL,'2026-08-04 08:36:39.306000','2026-08-04 08:35:49.241000',NULL,0,NULL,'ClusterManagement-CleanupOfflineSyncHistory',NULL)
INSERT INTO "system$processedqueuetask" VALUES(10696049115019101,15,'Completed','59651013-f9bc-4fc1-b435-276439b07899','System.ScheduledEventsQueue','ScheduledEvent',NULL,NULL,'ClusterManagement-CleanupOfflineSyncHistory','[]','c66c4ed9-9a9c-413b-ab1c-92b6487a1aec',68,'2026-08-04 08:20:49.389000','2026-08-04 08:25:49.241000','2026-08-04 08:36:39.129000','2026-08-04 08:36:39.345000',216,0,NULL,'ClusterManagement-CleanupOfflineSyncHistory',NULL)
DELETE FROM "system$queuedtask" WHERE "id"=11821949021849777
COMMIT
/*C13*/INSERT INTO "system$queuedtask" VALUES(11821949021860669,25,'Idle','59651013-f9bc-4fc1-b435-276439b07899','System.ScheduledEventsQueue','ScheduledEvent',NULL,NULL,'ClusterManagement-CleanupSessions','[]',NULL,NULL,'2026-08-04 08:36:39.306000','2026-08-04 08:35:49.241000',NULL,0,NULL,'ClusterManagement-CleanupSessions',NULL)
INSERT INTO "system$processedqueuetask" VALUES(10696049115018968,16,'Completed','59651013-f9bc-4fc1-b435-276439b07899','System.ScheduledEventsQueue','ScheduledEvent',NULL,NULL,'ClusterManagement-CleanupSessions','[]','c66c4ed9-9a9c-413b-ab1c-92b6487a1aec',68,'2026-08-04 08:20:49.389000','2026-08-04 08:25:49.241000','2026-08-04 08:36:39.130000','2026-08-04 08:36:39.345000',215,0,NULL,'ClusterManagement-CleanupSessions',NULL)
DELETE FROM "system$queuedtask" WHERE "id"=11821949021849443
COMMIT
/*C10*/INSERT INTO "system$queuedtask" VALUES(11821949021861298,20,'Idle','59651013-f9bc-4fc1-b435-276439b07899','System.ScheduledEventsQueue','ScheduledEvent',NULL,NULL,'ClusterManagement-CleanupBackgroundJobs','[]',NULL,NULL,'2026-08-04 08:36:39.306000','2026-08-04 08:35:49.241000',NULL,0,NULL,'ClusterManagement-CleanupBackgroundJobs',NULL)
INSERT INTO "system$processedqueuetask" VALUES(10696049115018472,17,'Completed','59651013-f9bc-4fc1-b435-276439b07899','System.ScheduledEventsQueue','ScheduledEvent',NULL,NULL,'ClusterManagement-CleanupBackgroundJobs','[]','c66c4ed9-9a9c-413b-ab1c-92b6487a1aec',68,'2026-08-04 08:20:49.389000','2026-08-04 08:25:49.241000','2026-08-04 08:36:39.131000','2026-08-04 08:36:39.345000',214,0,NULL,'ClusterManagement-CleanupBackgroundJobs',NULL)
DELETE FROM "system$queuedtask" WHERE "id"=11821949021849568
COMMIT
/*C19*/INSERT INTO "system$queuedtask" VALUES(11821949021861149,28,'Idle','59651013-f9bc-4fc1-b435-276439b07899','System.ScheduledEventsQueue','ScheduledEvent',NULL,NULL,'ClusterManagement-CleanupUnreferencedFiles','[]',NULL,NULL,'2026-08-04 08:36:39.306000','2026-08-04 08:33:40.669000',NULL,0,NULL,'ClusterManagement-CleanupUnreferencedFiles',NULL)
INSERT INTO "system$processedqueuetask" VALUES(10696049115017940,5,'Completed','59651013-f9bc-4fc1-b435-276439b07899','System.ScheduledEventsQueue','ScheduledEvent',NULL,NULL,'ClusterManagement-CleanupUnreferencedFiles','[]','c66c4ed9-9a9c-413b-ab1c-92b6487a1aec',68,'2026-08-04 08:20:48.259000','2026-08-04 08:23:40.669000','2026-08-04 08:36:39.125000','2026-08-04 08:36:39.345000',220,0,NULL,'ClusterManagement-CleanupUnreferencedFiles',NULL)
DELETE FROM "system$queuedtask" WHERE "id"=11821949021848213
COMMIT
/*C14*/INSERT INTO "system$queuedtask" VALUES(11821949021861792,22,'Idle','59651013-f9bc-4fc1-b435-276439b07899','System.ScheduledEventsQueue','ScheduledEvent',NULL,NULL,'ClusterManagement-CleanupOfflineGUIDs','[]',NULL,NULL,'2026-08-04 08:36:39.306000','2026-08-04 08:35:49.241000',NULL,0,NULL,'ClusterManagement-CleanupOfflineGUIDs',NULL)
INSERT INTO "system$processedqueuetask" VALUES(10696049115018712,13,'Completed','59651013-f9bc-4fc1-b435-276439b07899','System.ScheduledEventsQueue','ScheduledEvent',NULL,NULL,'ClusterManagement-CleanupOfflineGUIDs','[]','c66c4ed9-9a9c-413b-ab1c-92b6487a1aec',68,'2026-08-04 08:20:49.389000','2026-08-04 08:25:49.241000','2026-08-04 08:36:39.127000','2026-08-04 08:36:39.345000',218,0,NULL,'ClusterManagement-CleanupOfflineGUIDs',NULL)
DELETE FROM "system$queuedtask" WHERE "id"=11821949021849306
COMMIT
DELETE FROM "system$queuedtask" WHERE "id"=11821949021849879
DELETE FROM "system$queuedtask" WHERE "id"=11821949021861298
DELETE FROM "system$queuedtask" WHERE "id"=11821949021861729
DELETE FROM "system$queuedtask" WHERE "id"=11821949021861792
DELETE FROM "system$queuedtask" WHERE "id"=11821949021861093
INSERT INTO "system$queuedtask" VALUES(11821949021849879,18,'Running','59651013-f9bc-4fc1-b435-276439b07899','System.ScheduledEventsQueue','ScheduledEvent',NULL,NULL,'ClusterManagement-UnblockUsers','[]','c66c4ed9-9a9c-413b-ab1c-92b6487a1aec',68,'2026-08-04 08:20:53.485000','2026-08-04 08:25:53.241000','2026-08-04 08:36:39.382000',0,NULL,'ClusterManagement-UnblockUsers',NULL)
INSERT INTO "system$queuedtask" VALUES(11821949021861298,20,'Running','59651013-f9bc-4fc1-b435-276439b07899','System.ScheduledEventsQueue','ScheduledEvent',NULL,NULL,'ClusterManagement-CleanupBackgroundJobs','[]','c66c4ed9-9a9c-413b-ab1c-92b6487a1aec',68,'2026-08-04 08:36:39.306000','2026-08-04 08:35:49.241000','2026-08-04 08:36:39.383000',0,NULL,'ClusterManagement-CleanupBackgroundJobs',NULL)
INSERT INTO "system$queuedtask" VALUES(11821949021861729,21,'Running','59651013-f9bc-4fc1-b435-276439b07899','System.ScheduledEventsQueue','ScheduledEvent',NULL,NULL,'ClusterManagement-CleanupOfflineSyncHistory','[]','c66c4ed9-9a9c-413b-ab1c-92b6487a1aec',68,'2026-08-04 08:36:39.306000','2026-08-04 08:35:49.241000','2026-08-04 08:36:39.383000',0,NULL,'ClusterManagement-CleanupOfflineSyncHistory',NULL)
INSERT INTO "system$queuedtask" VALUES(11821949021861792,22,'Running','59651013-f9bc-4fc1-b435-276439b07899','System.ScheduledEventsQueue','ScheduledEvent',NULL,NULL,'ClusterManagement-CleanupOfflineGUIDs','[]','c66c4ed9-9a9c-413b-ab1c-92b6487a1aec',68,'2026-08-04 08:36:39.306000','2026-08-04 08:35:49.241000','2026-08-04 08:36:39.384000',0,NULL,'ClusterManagement-CleanupOfflineGUIDs',NULL)
INSERT INTO "system$queuedtask" VALUES(11821949021861093,23,'Running','59651013-f9bc-4fc1-b435-276439b07899','System.ScheduledEventsQueue','ScheduledEvent',NULL,NULL,'ClusterManagement-CleanupTmpDocuments','[]','c66c4ed9-9a9c-413b-ab1c-92b6487a1aec',68,'2026-08-04 08:36:39.306000','2026-08-04 08:35:49.241000','2026-08-04 08:36:39.385000',0,NULL,'ClusterManagement-CleanupTmpDocuments',NULL)
COMMIT
/*C19*/ALTER SEQUENCE PUBLIC."system$queuedtask_sequence_mxseq" RESTART WITH 33
/*C13*/ALTER SEQUENCE PUBLIC."system$queuedtask_sequence_mxseq" RESTART WITH 33
ALTER SEQUENCE PUBLIC."system$queuedtask_sequence_mxseq" RESTART WITH 34
/*C15*/DELETE FROM "system$queuedtask" WHERE "id"=11821949021861530
DELETE FROM "system$queuedtask" WHERE "id"=11821949021860669
DELETE FROM "system$queuedtask" WHERE "id"=11821949021861446
DELETE FROM "system$queuedtask" WHERE "id"=11821949021860962
DELETE FROM "system$queuedtask" WHERE "id"=11821949021861149
INSERT INTO "system$queuedtask" VALUES(11821949021861530,24,'Running','59651013-f9bc-4fc1-b435-276439b07899','System.ScheduledEventsQueue','ScheduledEvent',NULL,NULL,'ClusterManagement-PopulateFileDocumentSizes','[]','c66c4ed9-9a9c-413b-ab1c-92b6487a1aec',68,'2026-08-04 08:36:39.306000','2026-08-04 08:32:14.955000','2026-08-04 08:36:39.392000',0,NULL,'ClusterManagement-PopulateFileDocumentSizes',NULL)
INSERT INTO "system$queuedtask" VALUES(11821949021860669,25,'Running','59651013-f9bc-4fc1-b435-276439b07899','System.ScheduledEventsQueue','ScheduledEvent',NULL,NULL,'ClusterManagement-CleanupSessions','[]','c66c4ed9-9a9c-413b-ab1c-92b6487a1aec',68,'2026-08-04 08:36:39.306000','2026-08-04 08:35:49.241000','2026-08-04 08:36:39.393000',0,NULL,'ClusterManagement-CleanupSessions',NULL)
INSERT INTO "system$queuedtask" VALUES(11821949021861446,26,'Running','59651013-f9bc-4fc1-b435-276439b07899','System.ScheduledEventsQueue','ScheduledEvent',NULL,NULL,'ClusterManagement-CleanupProcessedTasks','[]','c66c4ed9-9a9c-413b-ab1c-92b6487a1aec',68,'2026-08-04 08:36:39.306000','2026-08-04 08:35:06.383000','2026-08-04 08:36:39.394000',0,NULL,'ClusterManagement-CleanupProcessedTasks',NULL)
INSERT INTO "system$queuedtask" VALUES(11821949021860962,27,'Running','59651013-f9bc-4fc1-b435-276439b07899','System.ScheduledEventsQueue','ScheduledEvent',NULL,NULL,'ClusterManagement-CleanupScheduledEvents','[]','c66c4ed9-9a9c-413b-ab1c-92b6487a1aec',68,'2026-08-04 08:36:39.306000','2026-08-04 08:34:23.526000','2026-08-04 08:36:39.395000',0,NULL,'ClusterManagement-CleanupScheduledEvents',NULL)
INSERT INTO "system$queuedtask" VALUES(11821949021861149,28,'Running','59651013-f9bc-4fc1-b435-276439b07899','System.ScheduledEventsQueue','ScheduledEvent',NULL,NULL,'ClusterManagement-CleanupUnreferencedFiles','[]','c66c4ed9-9a9c-413b-ab1c-92b6487a1aec',68,'2026-08-04 08:36:39.306000','2026-08-04 08:33:40.669000','2026-08-04 08:36:39.396000',0,NULL,'ClusterManagement-CleanupUnreferencedFiles',NULL)
COMMIT
/*C14*/INSERT INTO "system$queuedtask" VALUES(11821949021861979,30,'Idle','59651013-f9bc-4fc1-b435-276439b07899','System.ScheduledEventsQueue','ScheduledEvent',NULL,NULL,'ClusterManagement-CleanupOfflineSyncHistory','[]',NULL,NULL,'2026-08-04 08:36:39.393000','2026-08-04 08:40:49.241000',NULL,0,NULL,'ClusterManagement-CleanupOfflineSyncHistory',NULL)
INSERT INTO "system$processedqueuetask" VALUES(10696049115019196,21,'Completed','59651013-f9bc-4fc1-b435-276439b07899','System.ScheduledEventsQueue','ScheduledEvent',NULL,NULL,'ClusterManagement-CleanupOfflineSyncHistory','[]','c66c4ed9-9a9c-413b-ab1c-92b6487a1aec',68,'2026-08-04 08:36:39.306000','2026-08-04 08:35:49.241000','2026-08-04 08:36:39.383000','2026-08-04 08:36:39.395000',12,0,NULL,'ClusterManagement-CleanupOfflineSyncHistory',NULL)
DELETE FROM "system$queuedtask" WHERE "id"=11821949021861729
COMMIT
/*C13*/INSERT INTO "system$queuedtask" VALUES(11821949021862267,32,'Idle','59651013-f9bc-4fc1-b435-276439b07899','System.ScheduledEventsQueue','ScheduledEvent',NULL,NULL,'ClusterManagement-CleanupBackgroundJobs','[]',NULL,NULL,'2026-08-04 08:36:39.394000','2026-08-04 08:40:49.241000',NULL,0,NULL,'ClusterManagement-CleanupBackgroundJobs',NULL)
INSERT INTO "system$processedqueuetask" VALUES(10696049115019518,20,'Completed','59651013-f9bc-4fc1-b435-276439b07899','System.ScheduledEventsQueue','ScheduledEvent',NULL,NULL,'ClusterManagement-CleanupBackgroundJobs','[]','c66c4ed9-9a9c-413b-ab1c-92b6487a1aec',68,'2026-08-04 08:36:39.306000','2026-08-04 08:35:49.241000','2026-08-04 08:36:39.383000','2026-08-04 08:36:39.397000',14,0,NULL,'ClusterManagement-CleanupBackgroundJobs',NULL)
DELETE FROM "system$queuedtask" WHERE "id"=11821949021861298
COMMIT
/*C19*/INSERT INTO "system$queuedtask" VALUES(11821949021862121,31,'Idle','59651013-f9bc-4fc1-b435-276439b07899','System.ScheduledEventsQueue','ScheduledEvent',NULL,NULL,'ClusterManagement-CleanupOfflineGUIDs','[]',NULL,NULL,'2026-08-04 08:36:39.393000','2026-08-04 08:40:49.241000',NULL,0,NULL,'ClusterManagement-CleanupOfflineGUIDs',NULL)
INSERT INTO "system$processedqueuetask" VALUES(10696049115019314,22,'Completed','59651013-f9bc-4fc1-b435-276439b07899','System.ScheduledEventsQueue','ScheduledEvent',NULL,NULL,'ClusterManagement-CleanupOfflineGUIDs','[]','c66c4ed9-9a9c-413b-ab1c-92b6487a1aec',68,'2026-08-04 08:36:39.306000','2026-08-04 08:35:49.241000','2026-08-04 08:36:39.384000','2026-08-04 08:36:39.395000',11,0,NULL,'ClusterManagement-CleanupOfflineGUIDs',NULL)
DELETE FROM "system$queuedtask" WHERE "id"=11821949021861792
COMMIT
/*C16*/INSERT INTO "system$queuedtask" VALUES(11821949021862373,33,'Idle','59651013-f9bc-4fc1-b435-276439b07899','System.ScheduledEventsQueue','ScheduledEvent',NULL,NULL,'ClusterManagement-CleanupTmpDocuments','[]',NULL,NULL,'2026-08-04 08:36:39.396000','2026-08-04 08:40:49.241000',NULL,0,NULL,'ClusterManagement-CleanupTmpDocuments',NULL)
INSERT INTO "system$processedqueuetask" VALUES(10696049115019626,23,'Completed','59651013-f9bc-4fc1-b435-276439b07899','System.ScheduledEventsQueue','ScheduledEvent',NULL,NULL,'ClusterManagement-CleanupTmpDocuments','[]','c66c4ed9-9a9c-413b-ab1c-92b6487a1aec',68,'2026-08-04 08:36:39.306000','2026-08-04 08:35:49.241000','2026-08-04 08:36:39.385000','2026-08-04 08:36:39.397000',12,0,NULL,'ClusterManagement-CleanupTmpDocuments',NULL)
DELETE FROM "system$queuedtask" WHERE "id"=11821949021861093
COMMIT
/*C10*/ALTER SEQUENCE PUBLIC."system$queuedtask_sequence_mxseq" RESTART WITH 37
/*C19*/ALTER SEQUENCE PUBLIC."system$queuedtask_sequence_mxseq" RESTART WITH 39
/*C11*/ALTER SEQUENCE PUBLIC."system$queuedtask_sequence_mxseq" RESTART WITH 39
/*C13*/DELETE FROM "system$queuedtask" WHERE "id"=11821949021860812
INSERT INTO "system$queuedtask" VALUES(11821949021860812,29,'Running','59651013-f9bc-4fc1-b435-276439b07899','System.ScheduledEventsQueue','ScheduledEvent',NULL,NULL,'ClusterManagement-CleanupOrphanedFiles','[]','c66c4ed9-9a9c-413b-ab1c-92b6487a1aec',68,'2026-08-04 08:36:39.306000','2026-08-04 08:32:57.812000','2026-08-04 08:36:39.406000',0,NULL,'ClusterManagement-CleanupOrphanedFiles',NULL)
COMMIT
/*C11*/INSERT INTO "system$queuedtask" VALUES(11821949021862842,37,'Idle','59651013-f9bc-4fc1-b435-276439b07899','System.ScheduledEventsQueue','ScheduledEvent',NULL,NULL,'ClusterManagement-CleanupScheduledEvents','[]',NULL,NULL,'2026-08-04 08:36:39.405000','2026-08-04 08:39:23.526000',NULL,0,NULL,'ClusterManagement-CleanupScheduledEvents',NULL)
INSERT INTO "system$processedqueuetask" VALUES(10696049115019670,27,'Completed','59651013-f9bc-4fc1-b435-276439b07899','System.ScheduledEventsQueue','ScheduledEvent',NULL,NULL,'ClusterManagement-CleanupScheduledEvents','[]','c66c4ed9-9a9c-413b-ab1c-92b6487a1aec',68,'2026-08-04 08:36:39.306000','2026-08-04 08:34:23.526000','2026-08-04 08:36:39.395000','2026-08-04 08:36:39.407000',12,0,NULL,'ClusterManagement-CleanupScheduledEvents',NULL)
DELETE FROM "system$queuedtask" WHERE "id"=11821949021860962
COMMIT
/*C19*/INSERT INTO "system$queuedtask" VALUES(11821949021862559,35,'Idle','59651013-f9bc-4fc1-b435-276439b07899','System.ScheduledEventsQueue','ScheduledEvent',NULL,NULL,'ClusterManagement-CleanupUnreferencedFiles','[]',NULL,NULL,'2026-08-04 08:36:39.405000','2026-08-04 08:38:40.669000',NULL,0,NULL,'ClusterManagement-CleanupUnreferencedFiles',NULL)
INSERT INTO "system$processedqueuetask" VALUES(10696049115019941,28,'Completed','59651013-f9bc-4fc1-b435-276439b07899','System.ScheduledEventsQueue','ScheduledEvent',NULL,NULL,'ClusterManagement-CleanupUnreferencedFiles','[]','c66c4ed9-9a9c-413b-ab1c-92b6487a1aec',68,'2026-08-04 08:36:39.306000','2026-08-04 08:33:40.669000','2026-08-04 08:36:39.396000','2026-08-04 08:36:39.407000',11,0,NULL,'ClusterManagement-CleanupUnreferencedFiles',NULL)
DELETE FROM "system$queuedtask" WHERE "id"=11821949021861149
COMMIT
/*C16*/INSERT INTO "system$queuedtask" VALUES(11821949021862982,38,'Idle','59651013-f9bc-4fc1-b435-276439b07899','System.ScheduledEventsQueue','ScheduledEvent',NULL,NULL,'ClusterManagement-CleanupProcessedTasks','[]',NULL,NULL,'2026-08-04 08:36:39.406000','2026-08-04 08:40:06.383000',NULL,0,NULL,'ClusterManagement-CleanupProcessedTasks',NULL)
INSERT INTO "system$processedqueuetask" VALUES(10696049115020115,26,'Completed','59651013-f9bc-4fc1-b435-276439b07899','System.ScheduledEventsQueue','ScheduledEvent',NULL,NULL,'ClusterManagement-CleanupProcessedTasks','[]','c66c4ed9-9a9c-413b-ab1c-92b6487a1aec',68,'2026-08-04 08:36:39.306000','2026-08-04 08:35:06.383000','2026-08-04 08:36:39.394000','2026-08-04 08:36:39.407000',13,0,NULL,'ClusterManagement-CleanupProcessedTasks',NULL)
DELETE FROM "system$queuedtask" WHERE "id"=11821949021861446
COMMIT
/*C10*/INSERT INTO "system$queuedtask" VALUES(11821949021862734,36,'Idle','59651013-f9bc-4fc1-b435-276439b07899','System.ScheduledEventsQueue','ScheduledEvent',NULL,NULL,'ClusterManagement-PopulateFileDocumentSizes','[]',NULL,NULL,'2026-08-04 08:36:39.405000','2026-08-04 08:37:14.955000',NULL,0,NULL,'ClusterManagement-PopulateFileDocumentSizes',NULL)
INSERT INTO "system$processedqueuetask" VALUES(10696049115019873,24,'Completed','59651013-f9bc-4fc1-b435-276439b07899','System.ScheduledEventsQueue','ScheduledEvent',NULL,NULL,'ClusterManagement-PopulateFileDocumentSizes','[]','c66c4ed9-9a9c-413b-ab1c-92b6487a1aec',68,'2026-08-04 08:36:39.306000','2026-08-04 08:32:14.955000','2026-08-04 08:36:39.392000','2026-08-04 08:36:39.407000',15,0,NULL,'ClusterManagement-PopulateFileDocumentSizes',NULL)
DELETE FROM "system$queuedtask" WHERE "id"=11821949021861530
COMMIT
/*C14*/INSERT INTO "system$queuedtask" VALUES(11821949021862430,34,'Idle','59651013-f9bc-4fc1-b435-276439b07899','System.ScheduledEventsQueue','ScheduledEvent',NULL,NULL,'ClusterManagement-UnblockUsers','[]',NULL,NULL,'2026-08-04 08:36:39.404000','2026-08-04 08:35:53.241000',NULL,0,NULL,'ClusterManagement-UnblockUsers',NULL)
INSERT INTO "system$processedqueuetask" VALUES(10696049115020225,18,'Completed','59651013-f9bc-4fc1-b435-276439b07899','System.ScheduledEventsQueue','ScheduledEvent',NULL,NULL,'ClusterManagement-UnblockUsers','[]','c66c4ed9-9a9c-413b-ab1c-92b6487a1aec',68,'2026-08-04 08:20:53.485000','2026-08-04 08:25:53.241000','2026-08-04 08:36:39.382000','2026-08-04 08:36:39.407000',25,0,NULL,'ClusterManagement-UnblockUsers',NULL)
DELETE FROM "system$queuedtask" WHERE "id"=11821949021849879
COMMIT
ALTER SEQUENCE PUBLIC."system$queuedtask_sequence_mxseq" RESTART WITH 41
/*C15*/ALTER SEQUENCE PUBLIC."system$queuedtask_sequence_mxseq" RESTART WITH 41
/*C18*/INSERT INTO "system$queuedtask" VALUES(11821949021863042,39,'Idle','59651013-f9bc-4fc1-b435-276439b07899','System.ScheduledEventsQueue','ScheduledEvent',NULL,NULL,'ClusterManagement-CleanupSessions','[]',NULL,NULL,'2026-08-04 08:36:39.411000','2026-08-04 08:40:49.241000',NULL,0,NULL,'ClusterManagement-CleanupSessions',NULL)
INSERT INTO "system$processedqueuetask" VALUES(10696049115020297,25,'Completed','59651013-f9bc-4fc1-b435-276439b07899','System.ScheduledEventsQueue','ScheduledEvent',NULL,NULL,'ClusterManagement-CleanupSessions','[]','c66c4ed9-9a9c-413b-ab1c-92b6487a1aec',68,'2026-08-04 08:36:39.306000','2026-08-04 08:35:49.241000','2026-08-04 08:36:39.393000','2026-08-04 08:36:39.413000',20,0,NULL,'ClusterManagement-CleanupSessions',NULL)
DELETE FROM "system$queuedtask" WHERE "id"=11821949021860669
COMMIT
/*C15*/INSERT INTO "system$queuedtask" VALUES(11821949021863217,40,'Idle','59651013-f9bc-4fc1-b435-276439b07899','System.ScheduledEventsQueue','ScheduledEvent',NULL,NULL,'ClusterManagement-CleanupOrphanedFiles','[]',NULL,NULL,'2026-08-04 08:36:39.413000','2026-08-04 08:37:57.812000',NULL,0,NULL,'ClusterManagement-CleanupOrphanedFiles',NULL)
INSERT INTO "system$processedqueuetask" VALUES(10696049115020527,29,'Completed','59651013-f9bc-4fc1-b435-276439b07899','System.ScheduledEventsQueue','ScheduledEvent',NULL,NULL,'ClusterManagement-CleanupOrphanedFiles','[]','c66c4ed9-9a9c-413b-ab1c-92b6487a1aec',68,'2026-08-04 08:36:39.306000','2026-08-04 08:32:57.812000','2026-08-04 08:36:39.406000','2026-08-04 08:36:39.414000',8,0,NULL,'ClusterManagement-CleanupOrphanedFiles',NULL)
DELETE FROM "system$queuedtask" WHERE "id"=11821949021860812
COMMIT
/*C14*/DELETE FROM "system$queuedtask" WHERE "id"=11821949021862430
INSERT INTO "system$queuedtask" VALUES(11821949021862430,34,'Running','59651013-f9bc-4fc1-b435-276439b07899','System.ScheduledEventsQueue','ScheduledEvent',NULL,NULL,'ClusterManagement-UnblockUsers','[]','c66c4ed9-9a9c-413b-ab1c-92b6487a1aec',68,'2026-08-04 08:36:39.404000','2026-08-04 08:35:53.241000','2026-08-04 08:36:39.416000',0,NULL,'ClusterManagement-UnblockUsers',NULL)
COMMIT
/*C15*/ALTER SEQUENCE PUBLIC."system$queuedtask_sequence_mxseq" RESTART WITH 42
INSERT INTO "system$queuedtask" VALUES(11821949021863316,41,'Idle','59651013-f9bc-4fc1-b435-276439b07899','System.ScheduledEventsQueue','ScheduledEvent',NULL,NULL,'ClusterManagement-UnblockUsers','[]',NULL,NULL,'2026-08-04 08:36:39.423000','2026-08-04 08:40:53.241000',NULL,0,NULL,'ClusterManagement-UnblockUsers',NULL)
INSERT INTO "system$processedqueuetask" VALUES(10696049115020544,34,'Completed','59651013-f9bc-4fc1-b435-276439b07899','System.ScheduledEventsQueue','ScheduledEvent',NULL,NULL,'ClusterManagement-UnblockUsers','[]','c66c4ed9-9a9c-413b-ab1c-92b6487a1aec',68,'2026-08-04 08:36:39.404000','2026-08-04 08:35:53.241000','2026-08-04 08:36:39.416000','2026-08-04 08:36:39.425000',9,0,NULL,'ClusterManagement-UnblockUsers',NULL)
DELETE FROM "system$queuedtask" WHERE "id"=11821949021862430
COMMIT
DELETE FROM "mendixsystem$entityidentifier" WHERE "id"='282e2e60-88a5-469d-84a5-ba8d9151644f'
INSERT INTO "mendixsystem$entityidentifier" VALUES('282e2e60-88a5-469d-84a5-ba8d9151644f',39,201)
COMMIT
INSERT INTO "system$user" VALUES(10977524091728597,'MxAdmin','{BCrypt}$2a$10$ANovVfZSoJ.XlPCer1X4J.5zxT5kp9sWdtaW9oXr391XBwSN7SRU.',NULL,FALSE,NULL,TRUE,0,FALSE,FALSE,'2026-08-04 08:36:39.829000','2026-08-04 08:36:39.930000',NULL,10977524091728597)
INSERT INTO "system$userroles" VALUES(10977524091728597,12666373951979681)
COMMIT
INSERT INTO "mendixsystem$properties" VALUES('MxAdminUserName','MxAdmin')
COMMIT
/*C14*/DELETE FROM "system$queuedtask" WHERE "id"=11821949021860557
INSERT INTO "system$queuedtask" VALUES(11821949021860557,19,'Running','59651013-f9bc-4fc1-b435-276439b07899','System.ScheduledEventsQueue','ScheduledEvent',NULL,NULL,'ClusterManagement-CacheClusterStatistics','[]','c66c4ed9-9a9c-413b-ab1c-92b6487a1aec',68,'2026-08-04 08:36:38.896000','2026-08-04 08:36:43.847000','2026-08-04 08:36:44.574000',0,NULL,'ClusterManagement-CacheClusterStatistics',NULL)
COMMIT
INSERT INTO "mendixsystem$properties" VALUES('Statistics.NamedUserCount','0')
COMMIT
INSERT INTO "mendixsystem$properties" VALUES('Statistics.NamedUserSessionCount','0')
COMMIT
INSERT INTO "mendixsystem$properties" VALUES('Statistics.AnonymousUserSessionCount','0')
COMMIT
ALTER SEQUENCE PUBLIC."system$queuedtask_sequence_mxseq" RESTART WITH 43
INSERT INTO "system$queuedtask" VALUES(11821949021863498,42,'Idle','59651013-f9bc-4fc1-b435-276439b07899','System.ScheduledEventsQueue','ScheduledEvent',NULL,NULL,'ClusterManagement-CacheClusterStatistics','[]',NULL,NULL,'2026-08-04 08:36:44.629000','2026-08-04 08:46:43.847000',NULL,0,NULL,'ClusterManagement-CacheClusterStatistics',NULL)
INSERT INTO "system$processedqueuetask" VALUES(10696049115020774,19,'Completed','59651013-f9bc-4fc1-b435-276439b07899','System.ScheduledEventsQueue','ScheduledEvent',NULL,NULL,'ClusterManagement-CacheClusterStatistics','[]','c66c4ed9-9a9c-413b-ab1c-92b6487a1aec',68,'2026-08-04 08:36:38.896000','2026-08-04 08:36:43.847000','2026-08-04 08:36:44.574000','2026-08-04 08:36:44.632000',58,0,NULL,'ClusterManagement-CacheClusterStatistics',NULL)
DELETE FROM "system$queuedtask" WHERE "id"=11821949021860557
COMMIT
INSERT INTO "system$user" VALUES(10977524091728661,'Anonymous_c5f3e0fb-6069-48c9-a744-ef91f3e804f3','{BCrypt}$2a$10$7Ia1my7EfWAX7I3/Nmvo3exSV3K/thKC0nQwytddey9mLP0z8V3e2','2026-08-04 08:36:49.879000',FALSE,NULL,TRUE,0,FALSE,TRUE,'2026-08-04 08:36:49.801000','2026-08-04 08:36:49.888000',NULL,10977524091728661)
INSERT INTO "system$userroles" VALUES(10977524091728661,12666373951979681)
INSERT INTO "system$user_language" VALUES(10977524091728661,281474976710851)
COMMIT
DELETE FROM "system$user" WHERE "id"=10977524091728661
INSERT INTO "system$user" VALUES(10977524091728661,'Anonymous_c5f3e0fb-6069-48c9-a744-ef91f3e804f3','{BCrypt}$2a$10$7Ia1my7EfWAX7I3/Nmvo3exSV3K/thKC0nQwytddey9mLP0z8V3e2','2026-08-04 08:36:49.892000',FALSE,NULL,TRUE,0,FALSE,TRUE,'2026-08-04 08:36:49.801000','2026-08-04 08:36:49.893000',NULL,10977524091728661)
COMMIT
DELETE FROM "mendixsystem$entityidentifier" WHERE "id"='37f9fd49-5318-4c63-9a51-f761779b202f'
INSERT INTO "mendixsystem$entityidentifier" VALUES('37f9fd49-5318-4c63-9a51-f761779b202f',37,201)
COMMIT
INSERT INTO "system$session" VALUES(10414574138307225,'25df359a-db49-4c81-95ae-f5b140f23aea','832b3869-43e7-49a5-9160-54b150deed56','2026-08-04 08:36:49.922000',FALSE,'d4b74709-9d9d-491e-b902-6cde6d683390',NULL,'2026-08-04 08:36:49.922000')
INSERT INTO "system$session_user" VALUES(10414574138307225,10977524091728661)
COMMIT
DELETE FROM "system$session" WHERE "id"=10414574138307225
INSERT INTO "system$session" VALUES(10414574138307225,'25df359a-db49-4c81-95ae-f5b140f23aea','832b3869-43e7-49a5-9160-54b150deed56','2026-08-04 08:36:49.928000',FALSE,'d4b74709-9d9d-491e-b902-6cde6d683390',NULL,'2026-08-04 08:36:49.922000')
COMMIT
/*C13*/DELETE FROM "system$queuedtask" WHERE "id"=11821949021862734
INSERT INTO "system$queuedtask" VALUES(11821949021862734,36,'Running','59651013-f9bc-4fc1-b435-276439b07899','System.ScheduledEventsQueue','ScheduledEvent',NULL,NULL,'ClusterManagement-PopulateFileDocumentSizes','[]','c66c4ed9-9a9c-413b-ab1c-92b6487a1aec',68,'2026-08-04 08:36:39.405000','2026-08-04 08:37:14.955000','2026-08-04 08:37:15.795000',0,NULL,'ClusterManagement-PopulateFileDocumentSizes',NULL)
COMMIT
ALTER SEQUENCE PUBLIC."system$queuedtask_sequence_mxseq" RESTART WITH 44
INSERT INTO "system$queuedtask" VALUES(11821949021863663,43,'Idle','59651013-f9bc-4fc1-b435-276439b07899','System.ScheduledEventsQueue','ScheduledEvent',NULL,NULL,'ClusterManagement-PopulateFileDocumentSizes','[]',NULL,NULL,'2026-08-04 08:37:15.810000','2026-08-04 08:42:14.955000',NULL,0,NULL,'ClusterManagement-PopulateFileDocumentSizes',NULL)
INSERT INTO "system$processedqueuetask" VALUES(10696049115020893,36,'Completed','59651013-f9bc-4fc1-b435-276439b07899','System.ScheduledEventsQueue','ScheduledEvent',NULL,NULL,'ClusterManagement-PopulateFileDocumentSizes','[]','c66c4ed9-9a9c-413b-ab1c-92b6487a1aec',68,'2026-08-04 08:36:39.405000','2026-08-04 08:37:14.955000','2026-08-04 08:37:15.795000','2026-08-04 08:37:15.815000',20,0,NULL,'ClusterManagement-PopulateFileDocumentSizes',NULL)
DELETE FROM "system$queuedtask" WHERE "id"=11821949021862734
COMMIT
